load("@rules_cc//cc:defs.bzl", "cc_binary")

cc_binary(
    name = "fmt",
    srcs = ["fmt.cpp"],
    deps = ["//third-party:fmt"],
)
